// Jest Snapshot v1, https://goo.gl/fbAQLP

exports[`Tests on </GifItem> el componente debe coinncidir con su foto. 1`] = `
<div>
  <div
    class="card"
  >
    <img
      alt="estoy en google"
      src="https://www.google.com/"
    />
    <p>
      estoy en google
    </p>
  </div>
</div>
`;
